[    0.000000] Initializing cgroup subsys cpuset
[    0.000000] Initializing cgroup subsys cpu
[    0.000000] Initializing cgroup subsys cpuacct
[    0.000000] Linux version 4.4.0-141-generic (buildd@lcy01-amd64-027) (gcc version 5.4.0 20160609 (Ubuntu 5.4.0-6ubuntu1~16.04.10) ) #167-Ubuntu SMP Wed Dec 5 10:38:08 UTC 2018 (Ubuntu 4.4.0-141.167-generic 4.4.162)
[    0.000000] KERNEL supported cpus:
[    0.000000]   Intel GenuineIntel
[    0.000000]   AMD AuthenticAMD
[    0.000000]   NSC Geode by NSC
[    0.000000]   Cyrix CyrixInstead
[    0.000000]   Centaur CentaurHauls
[    0.000000]   Transmeta GenuineTMx86
[    0.000000]   Transmeta TransmetaCPU
[    0.000000]   UMC UMC UMC UMC
[    0.000000] x86/fpu: xstate_offset[2]:  576, xstate_sizes[2]:  256
[    0.000000] x86/fpu: Supporting XSAVE feature 0x01: 'x87 floating point registers'
[    0.000000] x86/fpu: Supporting XSAVE feature 0x02: 'SSE registers'
[    0.000000] x86/fpu: Supporting XSAVE feature 0x04: 'AVX registers'
[    0.000000] x86/fpu: Enabled xstate features 0x7, context size is 832 bytes, using 'standard' format.
[    0.000000] e820: BIOS-provided physical RAM map:
[    0.000000] BIOS-e820: [mem 0x0000000000000000-0x000000000009fbff] usable
[    0.000000] BIOS-e820: [mem 0x000000000009fc00-0x000000000009ffff] reserved
[    0.000000] BIOS-e820: [mem 0x00000000000f0000-0x00000000000fffff] reserved
[    0.000000] BIOS-e820: [mem 0x0000000000100000-0x000000001ffeffff] usable
[    0.000000] BIOS-e820: [mem 0x000000001fff0000-0x000000001fffffff] ACPI data
[    0.000000] BIOS-e820: [mem 0x00000000fec00000-0x00000000fec00fff] reserved
[    0.000000] BIOS-e820: [mem 0x00000000fee00000-0x00000000fee00fff] reserved
[    0.000000] BIOS-e820: [mem 0x00000000fffc0000-0x00000000ffffffff] reserved
[    0.000000] NX (Execute Disable) protection: active
[    0.000000] SMBIOS 2.5 present.
[    0.000000] Hypervisor detected: KVM
[    0.000000] e820: last_pfn = 0x1fff0 max_arch_pfn = 0x1000000
[    0.000000] MTRR: Disabled
[    0.000000] x86/PAT: MTRRs disabled, skipping PAT initialization too.
[    0.000000] CPU MTRRs all blank - virtualized system.
[    0.000000] x86/PAT: Configuration [0-7]: WB  WT  UC- UC  WB  WT  UC- UC  
[    0.000000] found SMP MP-table at [mem 0x0009fff0-0x0009ffff] mapped at [c009fff0]
[    0.000000] Scanning 1 areas for low memory corruption
[    0.000000] RAMDISK: [mem 0x1e8c2000-0x1f72bfff]
[    0.000000] ACPI: Early table checksum verification disabled
[    0.000000] ACPI: RSDP 0x00000000000E0000 000024 (v02 VBOX  )
[    0.000000] ACPI: XSDT 0x000000001FFF0030 00003C (v01 VBOX   VBOXXSDT 00000001 ASL  00000061)
[    0.000000] ACPI: FACP 0x000000001FFF00F0 0000F4 (v04 VBOX   VBOXFACP 00000001 ASL  00000061)
[    0.000000] ACPI: DSDT 0x000000001FFF0470 0021FF (v02 VBOX   VBOXBIOS 00000002 INTL 20100528)
[    0.000000] ACPI: FACS 0x000000001FFF0200 000040
[    0.000000] ACPI: FACS 0x000000001FFF0200 000040
[    0.000000] ACPI: APIC 0x000000001FFF0240 000054 (v02 VBOX   VBOXAPIC 00000001 ASL  00000061)
[    0.000000] ACPI: SSDT 0x000000001FFF02A0 0001CC (v01 VBOX   VBOXCPUT 00000002 INTL 20100528)
[    0.000000] 0MB HIGHMEM available.
[    0.000000] 511MB LOWMEM available.
[    0.000000]   mapped low ram: 0 - 1fff0000
[    0.000000]   low ram: 0 - 1fff0000
[    0.000000] kvm-clock: Using msrs 4b564d01 and 4b564d00
[    0.000000] kvm-clock: cpu 0, msr 0:1ffef001, primary cpu clock
[    0.000000] kvm-clock: using sched offset of 4133011400 cycles
[    0.000000] clocksource: kvm-clock: mask: 0xffffffffffffffff max_cycles: 0x1cd42e4dffb, max_idle_ns: 881590591483 ns
[    0.000000] Zone ranges:
[    0.000000]   DMA      [mem 0x0000000000001000-0x0000000000ffffff]
[    0.000000]   Normal   [mem 0x0000000001000000-0x000000001ffeffff]
[    0.000000]   HighMem  empty
[    0.000000] Movable zone start for each node
[    0.000000] Early memory node ranges
[    0.000000]   node   0: [mem 0x0000000000001000-0x000000000009efff]
[    0.000000]   node   0: [mem 0x0000000000100000-0x000000001ffeffff]
[    0.000000] Initmem setup node 0 [mem 0x0000000000001000-0x000000001ffeffff]
[    0.000000] Using APIC driver default
[    0.000000] ACPI: PM-Timer IO Port: 0x4008
[    0.000000] IOAPIC[0]: apic_id 1, version 32, address 0xfec00000, GSI 0-23
[    0.000000] ACPI: INT_SRC_OVR (bus 0 bus_irq 0 global_irq 2 dfl dfl)
[    0.000000] ACPI: INT_SRC_OVR (bus 0 bus_irq 9 global_irq 9 low level)
[    0.000000] Using ACPI (MADT) for SMP configuration information
[    0.000000] smpboot: Allowing 1 CPUs, 0 hotplug CPUs
[    0.000000] PM: Registered nosave memory: [mem 0x00000000-0x00000fff]
[    0.000000] PM: Registered nosave memory: [mem 0x0009f000-0x0009ffff]
[    0.000000] PM: Registered nosave memory: [mem 0x000a0000-0x000effff]
[    0.000000] PM: Registered nosave memory: [mem 0x000f0000-0x000fffff]
[    0.000000] e820: [mem 0x20000000-0xfebfffff] available for PCI devices
[    0.000000] Booting paravirtualized kernel on KVM
[    0.000000] clocksource: refined-jiffies: mask: 0xffffffff max_cycles: 0xffffffff, max_idle_ns: 7645519600211568 ns
[    0.000000] setup_percpu: NR_CPUS:8 nr_cpumask_bits:8 nr_cpu_ids:1 nr_node_ids:1
[    0.000000] PERCPU: Embedded 19 pages/cpu @dfac1000 s47436 r0 d30388 u77824
[    0.000000] PV qspinlock hash table entries: 512 (order: 0, 4096 bytes)
[    0.000000] Built 1 zonelists in Zone order, mobility grouping on.  Total pages: 129678
[    0.000000] Kernel command line: BOOT_IMAGE=/boot/vmlinuz-4.4.0-141-generic root=UUID=0a5d83c4-bdfe-4a0b-b65e-8f3b1fa43cf0 ro console=tty1 console=ttyS0
[    0.000000] PID hash table entries: 2048 (order: 1, 8192 bytes)
[    0.000000] Dentry cache hash table entries: 65536 (order: 6, 262144 bytes)
[    0.000000] Inode-cache hash table entries: 32768 (order: 5, 131072 bytes)
[    0.000000] Initializing CPU#0
[    0.000000] Initializing HighMem for node 0 (00000000:00000000)
[    0.000000] Memory: 489396K/523832K available (8052K kernel code, 778K rwdata, 3180K rodata, 952K init, 800K bss, 34436K reserved, 0K cma-reserved, 0K highmem)
[    0.000000] virtual kernel memory layout:
[    0.000000]     fixmap  : 0xfff15000 - 0xfffff000   ( 936 kB)
[    0.000000]     pkmap   : 0xffc00000 - 0xffe00000   (2048 kB)
[    0.000000]     vmalloc : 0xe07f0000 - 0xffbfe000   ( 500 MB)
[    0.000000]     lowmem  : 0xc0000000 - 0xdfff0000   ( 511 MB)
[    0.000000]       .init : 0xc1bbe000 - 0xc1cac000   ( 952 kB)
[    0.000000]       .data : 0xc17dd3c4 - 0xc1bbc9c0   (3965 kB)
[    0.000000]       .text : 0xc1000000 - 0xc17dd3c4   (8052 kB)
[    0.000000] Checking if this processor honours the WP bit even in supervisor mode...Ok.
[    0.000000] SLUB: HWalign=64, Order=0-3, MinObjects=0, CPUs=1, Nodes=1
[    0.000000] Hierarchical RCU implementation.
[    0.000000] 	Build-time adjustment of leaf fanout to 32.
[    0.000000] 	RCU restricting CPUs from NR_CPUS=8 to nr_cpu_ids=1.
[    0.000000] RCU: Adjusting geometry for rcu_fanout_leaf=32, nr_cpu_ids=1
[    0.000000] NR_IRQS:2304 nr_irqs:256 16
[    0.000000] Console: colour VGA+ 80x25
[    0.000000] console [tty1] enabled
[    0.000000] console [ttyS0] enabled
[    0.000000] allocated 524288 bytes of page_ext
[    0.000000] tsc: Detected 2593.998 MHz processor
[    0.439644] Calibrating delay loop (skipped) preset value.. 5187.99 BogoMIPS (lpj=10375992)
[    0.442544] pid_max: default: 32768 minimum: 301
[    0.444902] ACPI: Core revision 20150930
[    0.450907] ACPI: 2 ACPI AML tables successfully acquired and loaded
[    0.453276] Security Framework initialized
[    0.454777] Yama: becoming mindful.
[    0.456316] AppArmor: AppArmor initialized
[    0.457821] Mount-cache hash table entries: 1024 (order: 0, 4096 bytes)
[    0.459838] Mountpoint-cache hash table entries: 1024 (order: 0, 4096 bytes)
[    0.462323] Initializing cgroup subsys io
[    0.463725] Initializing cgroup subsys memory
[    0.465411] Initializing cgroup subsys devices
[    0.467005] Initializing cgroup subsys freezer
[    0.468534] Initializing cgroup subsys net_cls
[    0.470037] Initializing cgroup subsys perf_event
[    0.471630] Initializing cgroup subsys net_prio
[    0.473316] Initializing cgroup subsys hugetlb
[    0.474900] Initializing cgroup subsys pids
[    0.478247] mce: CPU supports 0 MCE banks
[    0.479693] process: using mwait in idle threads
[    0.481297] Last level iTLB entries: 4KB 64, 2MB 8, 4MB 8
[    0.483006] Last level dTLB entries: 4KB 64, 2MB 0, 4MB 0, 1GB 4
[    0.485071] Spectre V2 : Mitigation: Full generic retpoline
[    0.486874] Spectre V2 : Spectre v2 mitigation: Speculation control IBPB not-supported IBRS not-supported
[    0.489548] Spectre V2 : Spectre v2 / SpectreRSB mitigation: Filling RSB on context switch
[    0.492947] Speculative Store Bypass: Vulnerable
[    0.521440] Freeing SMP alternatives memory: 32K
[    0.536032] ftrace: allocating 31566 entries in 62 pages
[    0.625753] smpboot: APIC(0) Converting physical 0 to logical package 0
[    0.629183] smpboot: Max logical packages: 1
[    0.630663] Enabling APIC mode:  Flat.  Using 1 I/O APICs
[    0.634784] ..TIMER: vector=0x30 apic1=0 pin1=2 apic2=-1 pin2=-1
[    0.742578] smpboot: CPU0: Intel(R) Core(TM) i7-5600U CPU @ 2.60GHz (family: 0x6, model: 0x3d, stepping: 0x4)
[    0.747423] Performance Events: unsupported p6 CPU model 61 no PMU driver, software events only.
[    0.757414] KVM setup paravirtual spinlock
[    0.774099] x86: Booted up 1 node, 1 CPUs
[    0.777035] smpboot: Total of 1 processors activated (5187.99 BogoMIPS)
[    0.779474] devtmpfs: initialized
[    0.781099] evm: security.selinux
[    0.782339] evm: security.SMACK64
[    0.783617] evm: security.SMACK64EXEC
[    0.784936] evm: security.SMACK64TRANSMUTE
[    0.786363] evm: security.SMACK64MMAP
[    0.787736] evm: security.ima
[    0.789248] evm: security.capability
[    0.791121] clocksource: jiffies: mask: 0xffffffff max_cycles: 0xffffffff, max_idle_ns: 7645041785100000 ns
[    0.794318] futex hash table entries: 256 (order: 2, 16384 bytes)
[    0.796737] pinctrl core: initialized pinctrl subsystem
[    0.800484] RTC time: 21:01:51, date: 01/06/19
[    0.804623] NET: Registered protocol family 16
[    0.807732] EISA bus registered
[    0.809020] cpuidle: using governor ladder
[    0.810576] cpuidle: using governor menu
[    0.815163] PCCT header not found.
[    0.816639] ACPI: bus type PCI registered
[    0.818031] acpiphp: ACPI Hot Plug PCI Controller Driver version: 0.5
[    0.820409] PCI : PCI BIOS area is rw and x. Use pci=nobios if you want it NX.
[    0.823040] PCI: PCI BIOS revision 2.10 entry at 0xfda26, last bus=0
[    0.826548] PCI: Using configuration type 1 for base access
[    0.831314] ACPI: Added _OSI(Module Device)
[    0.832750] ACPI: Added _OSI(Processor Device)
[    0.834390] ACPI: Added _OSI(3.0 _SCP Extensions)
[    0.835956] ACPI: Added _OSI(Processor Aggregator Device)
[    0.839297] ACPI: Executed 1 blocks of module-level executable AML code
[    0.847642] ACPI: Interpreter enabled
[    0.849033] ACPI: (supports S0 S5)
[    0.850287] ACPI: Using IOAPIC for interrupt routing
[    0.852381] PCI: Using host bridge windows from ACPI; if necessary, use "pci=nocrs" and report a bug
[    0.864713] ACPI: PCI Root Bridge [PCI0] (domain 0000 [bus 00-ff])
[    0.886444] acpi PNP0A03:00: _OSC: OS supports [ASPM ClockPM Segments MSI]
[    0.899768] acpi PNP0A03:00: _OSC: not requesting OS control; OS requires [ExtendedConfig ASPM ClockPM MSI]
[    0.906885] acpi PNP0A03:00: fail to add MMCONFIG information, can't access extended PCI configuration space under this bridge.
[    0.929490] PCI host bridge to bus 0000:00
[    0.932239] pci_bus 0000:00: root bus resource [io  0x0000-0x0cf7 window]
[    0.934447] pci_bus 0000:00: root bus resource [io  0x0d00-0xffff window]
[    0.936683] pci_bus 0000:00: root bus resource [mem 0x000a0000-0x000bffff window]
[    0.939478] pci_bus 0000:00: root bus resource [mem 0x20000000-0xfdffffff window]
[    0.942188] pci_bus 0000:00: root bus resource [bus 00-ff]
[    0.948487] pci 0000:00:01.1: legacy IDE quirk: reg 0x10: [io  0x01f0-0x01f7]
[    0.950593] pci 0000:00:01.1: legacy IDE quirk: reg 0x14: [io  0x03f6]
[    0.952554] pci 0000:00:01.1: legacy IDE quirk: reg 0x18: [io  0x0170-0x0177]
[    0.954721] pci 0000:00:01.1: legacy IDE quirk: reg 0x1c: [io  0x0376]
[    0.976195] pci 0000:00:07.0: quirk: [io  0x4000-0x403f] claimed by PIIX4 ACPI
[    0.978876] pci 0000:00:07.0: quirk: [io  0x4100-0x410f] claimed by PIIX4 SMB
[    0.989237] ACPI: PCI Interrupt Link [LNKA] (IRQs 5 9 10 *11)
[    0.996144] ACPI: PCI Interrupt Link [LNKB] (IRQs 5 9 *10 11)
[    1.011551] ACPI: PCI Interrupt Link [LNKC] (IRQs 5 *9 10 11)
[    1.024903] ACPI: PCI Interrupt Link [LNKD] (IRQs 5 9 10 *11)
[    1.040001] ACPI: Enabled 2 GPEs in block 00 to 07
[    1.050653] vgaarb: setting as boot device: PCI:0000:00:02.0
[    1.058233] vgaarb: device added: PCI:0000:00:02.0,decodes=io+mem,owns=io+mem,locks=none
[    1.071363] vgaarb: loaded
[    1.076890] vgaarb: bridge control possible 0000:00:02.0
[    1.087149] SCSI subsystem initialized
[    1.094047] ACPI: bus type USB registered
[    1.103172] usbcore: registered new interface driver usbfs
[    1.114762] usbcore: registered new interface driver hub
[    1.119741] usbcore: registered new device driver usb
[    1.127225] PCI: Using ACPI for IRQ routing
[    1.129648] NetLabel: Initializing
[    1.135981] NetLabel:  domain hash size = 128
[    1.139237] NetLabel:  protocols = UNLABELED CIPSOv4
[    1.144013] NetLabel:  unlabeled traffic allowed by default
[    1.149298] amd_nb: Cannot enumerate AMD northbridges
[    1.158362] clocksource: Switched to clocksource kvm-clock
[    1.176637] AppArmor: AppArmor Filesystem Enabled
[    1.178578] pnp: PnP ACPI init
[    1.185330] pnp: PnP ACPI: found 3 devices
[    1.186778] PnPBIOS: Disabled by ACPI PNP
[    1.225676] clocksource: acpi_pm: mask: 0xffffff max_cycles: 0xffffff, max_idle_ns: 2085701024 ns
[    1.230854] NET: Registered protocol family 2
[    1.232530] TCP established hash table entries: 4096 (order: 2, 16384 bytes)
[    1.234722] TCP bind hash table entries: 4096 (order: 3, 32768 bytes)
[    1.236822] TCP: Hash tables configured (established 4096 bind 4096)
[    1.240467] UDP hash table entries: 256 (order: 1, 8192 bytes)
[    1.243993] UDP-Lite hash table entries: 256 (order: 1, 8192 bytes)
[    1.247885] NET: Registered protocol family 1
[    1.249394] pci 0000:00:00.0: Limiting direct PCI/PCI transfers
[    1.251366] pci 0000:00:01.0: Activating ISA DMA hang workarounds
[    1.253475] Unpacking initramfs...
[    1.736980] Freeing initrd memory: 14760K
[    1.748130] RAPL PMU detected, API unit is 2^-32 Joules, 4 fixed counters 10737418240 ms ovfl timer
[    1.756453] hw unit of domain pp0-core 2^-0 Joules
[    1.758539] hw unit of domain package 2^-0 Joules
[    1.760808] hw unit of domain dram 2^-0 Joules
[    1.768275] hw unit of domain pp1-gpu 2^-0 Joules
[    1.776897] platform rtc_cmos: registered platform RTC device (no PNP device found)
[    1.786426] Scanning for low memory corruption every 60 seconds
[    1.804996] audit: initializing netlink subsys (disabled)
[    1.815663] audit: type=2000 audit(1546808517.924:1): initialized
[    1.835845] Initialise system trusted keyring
[    1.851233] HugeTLB registered 2 MB page size, pre-allocated 0 pages
[    1.860002] zbud: loaded
[    1.865339] VFS: Disk quotas dquot_6.6.0
[    1.868220] VFS: Dquot-cache hash table entries: 1024 (order 0, 4096 bytes)
[    1.884203] squashfs: version 4.0 (2009/01/31) Phillip Lougher
[    1.895786] fuse init (API version 7.23)
[    1.908022] Key type big_key registered
[    1.915153] Allocating IMA MOK and blacklist keyrings.
[    1.938760] Key type asymmetric registered
[    1.940367] Asymmetric key parser 'x509' registered
[    1.963056] bounce: pool size: 64 pages
[    1.971024] Block layer SCSI generic (bsg) driver version 0.4 loaded (major 249)
[    1.976811] io scheduler noop registered
[    1.980134] io scheduler deadline registered (default)
[    1.988549] io scheduler cfq registered
[    1.996983] pci_hotplug: PCI Hot Plug PCI Core version: 0.5
[    2.007705] pciehp: PCI Express Hot Plug Controller Driver version: 0.4
[    2.019681] ACPI: AC Adapter [AC] (on-line)
[    2.024868] input: Power Button as /devices/LNXSYSTM:00/LNXPWRBN:00/input/input0
[    2.028775] ACPI: Power Button [PWRF]
[    2.035134] input: Sleep Button as /devices/LNXSYSTM:00/LNXSLPBN:00/input/input1
[    2.045613] ACPI: Sleep Button [SLPF]
[    2.055283] GHES: HEST is not enabled!
[    2.060263] isapnp: Scanning for PnP cards...
[    2.080348] Serial: 8250/16550 driver, 32 ports, IRQ sharing enabled
[    2.106571] 00:02: ttyS0 at I/O 0x3f8 (irq = 4, base_baud = 115200) is a 16550A
[    2.161898] Linux agpgart interface v0.103
[    2.169612] loop: module loaded
[    2.174652] scsi host0: ata_piix
[    2.177535] scsi host1: ata_piix
[    2.234048] ata1: PATA max UDMA/33 cmd 0x1f0 ctl 0x3f6 bmdma 0xd000 irq 14
[    2.250287] ata2: PATA max UDMA/33 cmd 0x170 ctl 0x376 bmdma 0xd008 irq 15
[    2.256624] libphy: Fixed MDIO Bus: probed
[    2.265948] tun: Universal TUN/TAP device driver, 1.6
[    2.271185] tun: (C) 1999-2004 Max Krasnyansky <maxk@qualcomm.com>
[    2.330022] PPP generic driver version 2.4.2
[    2.333509] ehci_hcd: USB 2.0 'Enhanced' Host Controller (EHCI) Driver
[    2.340305] ehci-pci: EHCI PCI platform driver
[    2.350900] ehci-platform: EHCI generic platform driver
[    2.356450] ohci_hcd: USB 1.1 'Open' Host Controller (OHCI) Driver
[    2.410368] ohci-pci: OHCI PCI platform driver
[    2.416329] ohci-platform: OHCI generic platform driver
[    2.421260] uhci_hcd: USB Universal Host Controller Interface driver
[    2.424994] i8042: PNP: PS/2 Controller [PNP0303:PS2K,PNP0f03:PS2M] at 0x60,0x64 irq 1,12
[    2.438948] serio: i8042 KBD port at 0x60,0x64 irq 1
[    2.441429] serio: i8042 AUX port at 0x60,0x64 irq 12
[    2.444215] mousedev: PS/2 mouse device common for all mice
[    2.491212] input: AT Translated Set 2 keyboard as /devices/platform/i8042/serio0/input/input2
[    2.498106] rtc_cmos rtc_cmos: rtc core: registered rtc_cmos as rtc0
[    2.504534] rtc_cmos rtc_cmos: alarms up to one day, 114 bytes nvram
[    2.507275] i2c /dev entries driver
[    2.512742] device-mapper: uevent: version 1.0.3
[    2.516524] device-mapper: ioctl: 4.34.0-ioctl (2015-10-28) initialised: dm-devel@redhat.com
[    2.520549] platform eisa.0: Probing EISA bus 0
[    2.522586] platform eisa.0: EISA: Cannot allocate resource for mainboard
[    2.525466] platform eisa.0: Cannot allocate resource for EISA slot 1
[    2.528423] platform eisa.0: Cannot allocate resource for EISA slot 2
[    2.531568] platform eisa.0: Cannot allocate resource for EISA slot 3
[    2.534522] platform eisa.0: Cannot allocate resource for EISA slot 4
[    2.537384] platform eisa.0: Cannot allocate resource for EISA slot 5
[    2.540389] platform eisa.0: Cannot allocate resource for EISA slot 6
[    2.590795] platform eisa.0: Cannot allocate resource for EISA slot 7
[    2.593632] platform eisa.0: Cannot allocate resource for EISA slot 8
[    2.596167] platform eisa.0: EISA: Detected 0 cards
[    2.598298] cpufreq-nforce2: No nForce2 chipset.
[    2.600352] ledtrig-cpu: registered to indicate activity on CPUs
[    2.603467] NET: Registered protocol family 10
[    2.606011] NET: Registered protocol family 17
[    2.608219] Key type dns_resolver registered
[    2.610518] Using IPI No-Shortcut mode
[    2.612674] registered taskstats version 1
[    2.614548] Loading compiled-in X.509 certificates
[    2.619655] Loaded X.509 cert 'Build time autogenerated kernel key: 8ee7231a1e42e4b4a17d0e4b95c66ffe15d3b32e'
[    2.624033] zswap: loaded using pool lzo/zbud
[    2.676125] Key type trusted registered
[    2.682795] Key type encrypted registered
[    2.684230] AppArmor: AppArmor sha1 policy hashing enabled
[    2.686091] ima: No TPM chip found, activating TPM-bypass!
[    2.690266] ima: Allocated hash algorithm: sha1
[    2.691867] evm: HMAC attrs: 0x1
[    2.693590]   Magic number: 3:608:44
[    2.702131] rtc_cmos rtc_cmos: setting system clock to 2019-01-06 21:01:53 UTC (1546808513)
[    2.752907] isapnp: No Plug & Play device found
[    2.754762] BIOS EDD facility v0.16 2004-Jun-25, 0 devices found
[    2.757036] EDD information not available.
[    2.762766] Freeing unused kernel memory: 952K
[    2.775211] tsc: Refined TSC clocksource calibration: 2595.284 MHz
[    2.777947] clocksource: tsc: mask: 0xffffffffffffffff max_cycles: 0x2568d4f7f63, max_idle_ns: 440795217311 ns
[    2.786605] Write protecting the kernel text: 8056k
[    2.790036] Write protecting the kernel read-only data: 3184k
[    2.793526] NX-protecting the kernel data: 6280k
Loading, please wait...
starting version 229
[    2.819621] random: systemd-udevd: uninitialized urandom read (16 bytes read, 4 bits of entropy available)
[    2.822859] random: systemd-udevd: uninitialized urandom read (16 bytes read, 4 bits of entropy available)
[    2.828158] random: udevadm: uninitialized urandom read (16 bytes read, 4 bits of entropy available)
[    2.834789] random: systemd-udevd: uninitialized urandom read (16 bytes read, 4 bits of entropy available)
[    2.884286] random: udevadm: uninitialized urandom read (16 bytes read, 4 bits of entropy available)
[    2.901689] random: udevadm: uninitialized urandom read (16 bytes read, 4 bits of entropy available)
[    2.914629] random: udevadm: uninitialized urandom read (16 bytes read, 4 bits of entropy available)
[    2.931052] random: udevadm: uninitialized urandom read (16 bytes read, 4 bits of entropy available)
[    2.945333] random: udevadm: uninitialized urandom read (16 bytes read, 4 bits of entropy available)
[    2.956795] random: udevadm: uninitialized urandom read (16 bytes read, 4 bits of entropy available)
[    3.078356] Fusion MPT base driver 3.04.20
[    3.082234] Copyright (c) 1999-2008 LSI Corporation
[    3.107821] e1000: Intel(R) PRO/1000 Network Driver - version 7.3.21-k8-NAPI
[    3.111618] e1000: Copyright (c) 1999-2006 Intel Corporation.
[    3.249458] Fusion MPT SPI Host driver 3.04.20
[    3.325625] input: ImExPS/2 Generic Explorer Mouse as /devices/platform/i8042/serio1/input/input4
[    3.622963] e1000 0000:00:03.0 eth0: (PCI:33MHz:32-bit) 02:85:d5:8f:e5:b5
[    3.629884] e1000 0000:00:03.0 eth0: Intel(R) PRO/1000 Network Connection
[    3.637202] mptbase: ioc0: Initiating bringup
[    3.703360] ioc0: LSI53C1030 A0: Capabilities={Initiator}
[    3.868093] scsi host2: ioc0: LSI53C1030 A0, FwRev=00000000h, Ports=1, MaxQ=256, IRQ=20
[    3.984946] scsi 2:0:0:0: Direct-Access     VBOX     HARDDISK         1.0  PQ: 0 ANSI: 5
[    4.004074] scsi target2:0:0: Beginning Domain Validation
[    4.087048] scsi target2:0:0: Domain Validation skipping write tests
[    4.089831] scsi target2:0:0: Ending Domain Validation
[    4.102782] scsi target2:0:0: asynchronous
[    4.127020] scsi 2:0:1:0: Direct-Access     VBOX     HARDDISK         1.0  PQ: 0 ANSI: 5
[    4.130764] scsi target2:0:1: Beginning Domain Validation
[    4.198989] scsi target2:0:1: Domain Validation skipping write tests
[    4.205666] scsi target2:0:1: Ending Domain Validation
[    4.227239] scsi target2:0:1: asynchronous
[    4.418868] sd 2:0:0:0: Attached scsi generic sg0 type 0
[    4.421469] sd 2:0:0:0: [sda] 20971520 512-byte logical blocks: (10.7 GB/10.0 GiB)
[    4.428307] sd 2:0:1:0: [sdb] 20480 512-byte logical blocks: (10.5 MB/10.0 MiB)
[    4.432789] sd 2:0:1:0: Attached scsi generic sg1 type 0
[    4.452363] sd 2:0:1:0: [sdb] Write Protect is off
[    4.456280] sd 2:0:0:0: [sda] Write Protect is off
[    4.460376] sd 2:0:0:0: [sda] Incomplete mode parameter data
[    4.469541] sd 2:0:0:0: [sda] Assuming drive cache: write through
[    4.472105] sd 2:0:1:0: [sdb] Incomplete mode parameter data
[    4.481869] sd 2:0:1:0: [sdb] Assuming drive cache: write through
[    4.502951] e1000 0000:00:08.0 eth1: (PCI:33MHz:32-bit) 08:00:27:63:27:e7
[    4.508375] e1000 0000:00:08.0 eth1: Intel(R) PRO/1000 Network Connection
[    4.514498]  sda: sda1
[    4.519935] sd 2:0:0:0: [sda] Attached SCSI disk
[    4.521978] sd 2:0:1:0: [sdb] Attached SCSI disk
[    4.530874] e1000 0000:00:03.0 enp0s3: renamed from eth0
[    4.537443] e1000 0000:00:08.0 enp0s8: renamed from eth1
Begin: Loading essential drivers[    6.316428] md: linear personality registered for level -1
 ... [    6.336547] md: multipath personality registered for level -4
[    6.346883] md: raid0 personality registered for level 0
[    6.362014] md: raid1 personality registered for level 1
[    6.446668] raid6: mmxx1    gen()  1431 MB/s
[    6.514576] raid6: mmxx2    gen()  2207 MB/s
[    6.582903] raid6: sse1x1   gen()  1299 MB/s
[    6.650779] raid6: sse1x2   gen()  2094 MB/s
[    6.726399] raid6: sse2x1   gen()  2580 MB/s
[    6.798642] raid6: sse2x1   xor()  1409 MB/s
[    6.874808] raid6: sse2x2   gen()  5281 MB/s
[    6.950444] raid6: sse2x2   xor()  2382 MB/s
[    7.018787] raid6: avx2x1   gen()  4853 MB/s
[    7.086652] raid6: avx2x2   gen()  8542 MB/s
[    7.090729] raid6: using algorithm avx2x2 gen() 8542 MB/s
[    7.093834] raid6: using avx2x1 recovery algorithm
[    7.101012] xor: automatically using best checksumming function:
[    7.142753]    avx       : 17338.000 MB/sec
[    7.154713] async_tx: api initialized (async)
[    7.194980] md: raid6 personality registered for level 6
[    7.199574] md: raid5 personality registered for level 5
[    7.203640] md: raid4 personality registered for level 4
[    7.218252] md: raid10 personality registered for level 10
done.
Begin: Running /scripts/init-premount ... done.
Begin: Mounting root file system ... Begin: Running /scripts/local-top ... done.
Begin: Running /scripts/local-premount ... [    7.298812] Btrfs loaded
Scanning for Btrfs filesystems
done.
Warning: fsck not present, so skipping root file system
[    7.347977] EXT4-fs (sda1): mounted filesystem with ordered data mode. Opts: (null)
done.
Begin: Running /scripts/local-bottom ... done.
Begin: Running /scripts/init-bottom ... done.
[    7.505997] systemd[1]: systemd 229 running in system mode. (+PAM +AUDIT +SELINUX +IMA +APPARMOR +SMACK +SYSVINIT +UTMP +LIBCRYPTSETUP +GCRYPT +GNUTLS +ACL +XZ -LZ4 +SECCOMP +BLKID +ELFUTILS +KMOD -IDN)
[    7.511446] systemd[1]: Detected virtualization oracle.
[    7.513111] systemd[1]: Detected architecture x86.

Welcome to [1mUbuntu 16.04.5 LTS[0m!

[    7.527192] systemd[1]: Set hostname to <kouosl>.
[    7.764879] systemd[1]: Listening on Journal Audit Socket.
[[0;32m  OK  [0m] Listening on Journal Audit Socket.
[    7.779311] systemd[1]: Listening on Journal Socket.
[[0;32m  OK  [0m] Listening on Journal Socket.
[    7.791047] systemd[1]: Listening on Device-mapper event daemon FIFOs.
[[0;32m  OK  [0m] Listening on Device-mapper event daemon FIFOs.
[    7.798654] systemd[1]: Reached target Swap.
[[0;32m  OK  [0m] Reached target Swap.
[    7.802068] systemd[1]: Listening on Journal Socket (/dev/log).
[[0;32m  OK  [0m] Listening on Journal Socket (/dev/log).
[    7.806423] systemd[1]: Listening on udev Kernel Socket.
[[0;32m  OK  [0m] Listening on udev Kernel Socket.
[    7.810273] systemd[1]: Listening on LVM2 poll daemon socket.
[[0;32m  OK  [0m] Listening on LVM2 poll daemon socket.
[    7.814422] systemd[1]: Listening on Syslog Socket.
[[0;32m  OK  [0m] Listening on Syslog Socket.
[    7.819044] systemd[1]: Created slice System Slice.
[[0;32m  OK  [0m] Created slice System Slice.
[    7.832826] systemd[1]: Starting Create list of required static device nodes for the current kernel...
         Starting Create list of required st... nodes for the current kernel...
[    7.844097] systemd[1]: Created slice User and Session Slice.
[[0;32m  OK  [0m] Created slice User and Session Slice.
[    7.858828] systemd[1]: Reached target Slices.
[[0;32m  OK  [0m] Reached target Slices.
[    7.863886] systemd[1]: Set up automount Arbitrary Executable File Formats File System Automount Point.
[[0;32m  OK  [0m] Set up automount Arbitrary Executab...ats File System Automount Point.
[    7.875291] systemd[1]: Mounting Debug File System...
         Mounting Debug File System...
[    7.894826] systemd[1]: Reached target System Time Synchronized.
[[0;32m  OK  [0m] Reached target System Time Synchronized.
[    7.899715] systemd[1]: Started Trigger resolvconf update for networkd DNS.
[[0;32m  OK  [0m] Started Trigger resolvconf update for networkd DNS.
[    7.907484] systemd[1]: Reached target Encrypted Volumes.
[[0;32m  OK  [0m] Reached target Encrypted Volumes.
[    7.915686] systemd[1]: Starting Load Kernel Modules...
         Starting Load Kernel Modules...
[    7.927284] systemd[1]: Created slice system-serial\x2dgetty.slice.
[[0;32m  OK  [0m] Created slice system-serial\x2dgetty.slice.
[    7.940842] Loading iSCSI transport class v2.0-870.
[    7.947329] systemd[1]: Reached target User and Group Name Lookups.
[[0;32m  OK  [0m] Reached target User and Group Name Lookups.
[    7.958510] systemd[1]: Listening on LVM2 metadata daemon socket.
[[0;32m  OK  [0m] Listening on LVM2 metadata daemon socket.
[    7.967799] systemd[1]: Starting Journal Service...
[    7.976766] iscsi: registered transport (tcp)
         Starting Journal Service...
[    7.982869] systemd[1]: Listening on udev Control Socket.
[[0;32m  OK  [0m] Listening on udev Control Socket.
[    7.987868] systemd[1]: Started Forward Password Requests to Wall Directory Watch.
[[0;32m  OK  [0m] Started Forward Password Requests to Wall Directory Watch.
[    8.007427] systemd[1]: Starting Remount Root and Kernel File Systems...
         Starting Remount Root and Kernel File Systems...
[    8.025378] systemd[1]: Starting Uncomplicated firewall...
[    8.027314] EXT4-fs (sda1): re-mounted. Opts: (null)
         Starting Uncomplicated firewall...
[    8.035831] systemd[1]: Starting Monitoring of LVM2 mirrors, snapshots etc. using dmeventd or progress polling...
         Starting Monitoring of LVM2 mirrors... dmeventd or progress polling...
[    8.063012] systemd[1]: Starting Set console keymap...
         Starting Set console keymap...
[    8.077466] systemd[1]: Listening on /dev/initctl Compatibility Named Pipe.
[    8.082361] random: nonblocking pool is initialized
[[0;32m  OK  [0m] Listening on /dev/initctl Compatibility Named Pipe.
[    8.101469] systemd[1]: Starting Nameserver information manager...
         Starting Nameserver information manager...
[    8.116663] systemd[1]: Mounting POSIX Message Queue File System...
         Mounting POSIX Message Queue File System...
[    8.130903] systemd[1]: Mounting Huge Pages File System...
         Mounting Huge Pages File System...
[    8.150103] systemd[1]: Mounted Debug File System.
[[0;32m  OK  [0m] Mounted Debug File System.
[    8.170829] systemd[1]: Mounted POSIX Message Queue File System.
[[0;32m  OK  [0m] Mounted POSIX Message Queue File System.
[    8.182030] systemd[1]: Mounted Huge Pages File System.
[[0;32m  OK  [0m] Mounted Huge Pages File System.
[    8.191627] systemd[1]: Started Create list of required static device nodes for the current kernel.
[[0;32m  OK  [0m] Started Create list of required sta...ce nodes for the current kernel.
[    8.211863] systemd[1]: Started Remount Root and Kernel File Systems.
[[0;32m  OK  [0m] Started Remount Root and Kernel File Systems.
[    8.236077] systemd[1]: Started Uncomplicated firewall.
[[0;32m  OK  [0m] Started Uncomplicated firewall.
[    8.276104] systemd[1]: Started Nameserver information manager.
[[0;32m  OK  [0m] Started Nameserver information manager.
[    8.294076] systemd[1]: Started Journal Service.
[[0;32m  OK  [0m] Started Journal Service.
[    8.367499] iscsi: registered transport (iser)
[[0;32m  OK  [0m] Started Load Kernel Modules.
         Mounting FUSE Control File System...
         Starting Apply Kernel Variables...
[[0;32m  OK  [0m] Started LVM2 metadata daemon.
         Starting Load/Save Random Seed...
         Starting udev Coldplug all Devices...
         Starting Flush Journal to Persistent Storage...
         Starting Create Static Device Nodes in /dev...
[[0;32m  OK  [0m] Mounted FUSE Control File System.
[[0;32m  OK  [0m] Started Set console keymap.
[[0;32m  OK  [0m] Started Apply Kernel Variables.
[[0;32m  OK  [0m] Started Load/Save Random Seed.
[[0;32m  OK  [0m] Started Create Static Device Nodes in /dev.
[[0;32m  OK  [0m] Started Monitoring of LVM2 mirrors,...ng dmeventd or progress polling.
[[0;32m  OK  [0m] Started udev Coldplug all Devices.
[[0;32m  OK  [0m] Started Flush Journal to Persistent Storage.
         Starting udev Kernel Device Manager...
[[0;32m  OK  [0m] Started udev Kernel Device Manager.
[[0;32m  OK  [0m] Started Dispatch Password Requests to Console Directory Watch.
[[0;32m  OK  [0m] Reached target Local File Systems (Pre).
[[0;32m  OK  [0m] Reached target Local File Systems.
         Starting LSB: AppArmor initialization...
         Starting Tell Plymouth To Write Out Runtime Data...
         Starting Create Volatile Files and Directories...
         Starting Set console font and keymap...
         Starting Initial cloud-init job (pre-networking)...
[[0;32m  OK  [0m] Started Tell Plymouth To Write Out Runtime Data.
[[0;32m  OK  [0m] Started Create Volatile Files and Directories.
         Starting Update UTMP about System Boot/Shutdown...
[[0;32m  OK  [0m] Started Update UTMP about System Boot/Shutdown.
[[0;32m  OK  [0m] Started LSB: AppArmor initialization.
[[0;32m  OK  [0m] Found device 82540EM Gigabit Ethern...r (PRO/1000 MT Desktop Adapter).
[[0;32m  OK  [0m] Found device 82540EM Gigabit Ethern...r (PRO/1000 MT Desktop Adapter).
[[0;32m  OK  [0m] Found device /dev/ttyS0.
[[0;32m  OK  [0m] Listening on Load/Save RF Kill Switch Status /dev/rfkill Watch.
[[0;32m  OK  [0m] Started Set console font and keymap.
[[0;32m  OK  [0m] Created slice system-getty.slice.
[   12.398663] cloud-init[501]: Cloud-init v. 18.3-9-g2e62cb8a-0ubuntu1~16.04.2 running 'init-local' at Sun, 06 Jan 2019 21:02:02 +0000. Up 11.38 seconds.
[[0;32m  OK  [0m] Started Initial cloud-init job (pre-networking).
[[0;32m  OK  [0m] Reached target Network (Pre).
[[0;32m  OK  [0m] Started ifup for enp0s3.
[[0;32m  OK  [0m] Started ifup for enp0s8.
         Starting Raise network interfaces...
[[0;32m  OK  [0m] Started Raise network interfaces.
[[0;32m  OK  [0m] Reached target Network.
         Starting Initial cloud-init job (metadata service crawler)...
[   15.028897] cloud-init[1056]: Cloud-init v. 18.3-9-g2e62cb8a-0ubuntu1~16.04.2 running 'init' at Sun, 06 Jan 2019 21:02:05 +0000. Up 13.76 seconds.
[   15.037119] cloud-init[1056]: ci-info: ++++++++++++++++++++++++++++++++++++++Net device info+++++++++++++++++++++++++++++++++++++++
[   15.043268] cloud-init[1056]: ci-info: +--------+------+-----------------------------+---------------+--------+-------------------+
[   15.049187] cloud-init[1056]: ci-info: | Device |  Up  |           Address           |      Mask     | Scope  |     Hw-Address    |
[   15.054994] cloud-init[1056]: ci-info: +--------+------+-----------------------------+---------------+--------+-------------------+
[   15.060179] cloud-init[1056]: ci-info: | enp0s3 | True |          10.0.2.15          | 255.255.255.0 | global | 02:85:d5:8f:e5:b5 |
[   15.076823] cloud-init[1056]: ci-info: | enp0s3 | True |  fe80::85:d5ff:fe8f:e5b5/64 |       .       |  link  | 02:85:d5:8f:e5:b5 |
[   15.085026] cloud-init[1056]: ci-info: | enp0s8 | True |        192.168.83.137       | 255.255.255.0 | global | 08:00:27:63:27:e7 |
[   15.092810] cloud-init[1056]: ci-info: | enp0s8 | True | fe80::a00:27ff:fe63:27e7/64 |       .       |  link  | 08:00:27:63:27:e7 |
[   15.105230] cloud-init[1056]: ci-info: |   lo   | True |          127.0.0.1          |   255.0.0.0   |  host  |         .         |
[   15.113356] cloud-init[1056]: ci-info: |   lo   | True |           ::1/128           |       .       |  host  |         .         |
[   15.125098] cloud-init[1056]: ci-info: +--------+------+-----------------------------+---------------+--------+-------------------+
[   15.133116] cloud-init[1056]: ci-info: ++++++++++++++++++++++++++++Route IPv4 info++++++++++++++++++++++++++++
[   15.140985] cloud-init[1056]: ci-info: +-------+--------------+----------+---------------+-----------+-------+
[   15.152843] cloud-init[1056]: ci-info: | Route | Destination  | Gateway  |    Genmask    | Interface | Flags |
[   15.161012] cloud-init[1056]: ci-info: +-------+--------------+----------+---------------+-----------+-------+
[   15.169256] cloud-init[1056]: ci-info: |   0   |   0.0.0.0    | 10.0.2.2 |    0.0.0.0    |   enp0s3  |   UG  |
[   15.177129] cloud-init[1056]: ci-info: |   1   |   10.0.2.0   | 0.0.0.0  | 255.255.255.0 |   enp0s3  |   U   |
[   15.184828] cloud-init[1056]: ci-info: |   2   | 192.168.83.0 | 0.0.0.0  | 255.255.255.0 |   enp0s8  |   U   |
[   15.188811] cloud-init[1056]: ci-info: +-------+--------------+----------+---------------+-----------+-------+
[   15.196590] cloud-init[1056]: ci-info: +++++++++++++++++++Route IPv6 info+++++++++++++++++++
[[0;32m  OK  [0m] Started Initial cloud-init job (metadata service crawler).
[   15.204062] cloud-init[1056]: ci-info: +-------+-------------+---------+-----------+-------+
[   15.214262] cloud-init[1056]: ci-info: | Route | Destination | Gateway | Interface | Flags |[[0;32m  OK  [0m] Reached target Network is Online.
[   15.220637] cloud-init[1056]: ci-info: +-------+-------------+---------+-----------+-------+
[   15.223019] cloud-init[1056]: ci-info: |   0   |  fe80::/64  |    ::   |   enp0s3  |   U   |
         Starting iSCSI initiator daemon (iscsid)...
[[0;32m  OK  [0m] Reached target System Initialization.

[   15.230913]          Starting LXD - unix socket.
[[0;32m  OK  [0m] Listening on UUID daemon activation socket.
cloud-init[1056]: ci-info: |   1   |  fe80::/64  |    ::   |   enp0s8  |   U   |[[0;32m  OK  [0m] Started Daily apt download activities.

[[0;32m  OK  [0m] Started ACPI Events Check.
[   15.251199] cloud-init[1056]: ci-info: |   4   |   ff00::/8  |    ::   |   enp0s3  |   U   |
[[0;32m  OK  [0m] Reached target Paths.
[   15.257699] cloud-init[1056]: ci-info: |   5   |   ff00::/8  |    ::   |   enp0s8  |   U   |
[[0;32m  OK  [0m] Listening on ACPID Listen Socket.
[[0;32m  OK  [0m] Started Daily apt upgrade and clean activities.
[   15.264230] cloud-init[1056]: ci-info: +-------+-------------+---------+-----------+-------+
[[0;32m  OK  [0m] Listening on D-Bus System Message Bus Socket.
[[0;32m  OK  [0m] Started Daily Cleanup of Temporary Directories.
[[0;32m  OK  [0m] Reached target Timers.
         Starting Socket activation for snappy daemon.
[[0;32m  OK  [0m] Reached target Cloud-config availability.
[[0;32m  OK  [0m] Listening on LXD - unix socket.
[[0;32m  OK  [0m] Listening on Socket activation for snappy daemon.
[[0;32m  OK  [0m] Started iSCSI initiator daemon (iscsid).
         Starting Login to default iSCSI targets...
[[0;32m  OK  [0m] Reached target Sockets.
[[0;32m  OK  [0m] Reached target Basic System.
[[0;32m  OK  [0m] Started Regular background program processing daemon.
         Starting Accounts Service...
         Starting /etc/rc.local Compatibility...
[[0;32m  OK  [0m] Started D-Bus System Message Bus.
         Starting Virtualbox guest utils...
         Starting Snappy daemon...
[[0;32m  OK  [0m] Started FUSE filesystem for LXC.
         Starting LSB: Record successful boot for GRUB...
         Starting System Logging Service...
[[0;32m  OK  [0m] Started Unattended Upgrades Shutdown.
[[0;32m  OK  [0m] Started Deferred execution scheduler.
         Starting Login Service...
[[0;32m  OK  [0m] Started ACPI event daemon.
         Starting OpenBSD Secure Shell server...
         Starting LSB: MD monitoring daemon...
         Starting LXD - container startup/shutdown...
[[0;32m  OK  [0m] Started /etc/rc.local Compatibility.
[[0;32m  OK  [0m] Started Login to default iSCSI targets.
[[0;32m  OK  [0m] Started System Logging Service.
[[0;32m  OK  [0m] Started LXD - container startup/shutdown.
[[0;32m  OK  [0m] Started Snappy daemon.
[[0;32m  OK  [0m] Started OpenBSD Secure Shell server.
[[0;32m  OK  [0m] Started LSB: MD monitoring daemon.
[[0;32m  OK  [0m] Started LSB: Record successful boot for GRUB.
[[0;32m  OK  [0m] Started Login Service.
         Starting Authenticate and Authorize Users to Run Privileged Tasks...
         Starting Wait until snapd is fully seeded...
[[0;32m  OK  [0m] Reached target Remote File Systems (Pre).
[[0;32m  OK  [0m] Reached target Remote File Systems.
         Starting LSB: automatic crash report generation...
         Starting LSB: Apache2 web server...
         Starting LSB: Set the CPU Frequency Scaling governor to "ondemand"...
         Starting Permit User Sessions...
         Starting LSB: Start and stop the mysql database server daemon...
         Starting LSB: daemon to balance interrupts for SMP systems...
[[0;32m  OK  [0m] Started Virtualbox guest utils.
[[0;32m  OK  [0m] Started Permit User Sessions.
[[0;32m  OK  [0m] Started Authenticate and Authorize Users to Run Privileged Tasks.
[[0;32m  OK  [0m] Started Accounts Service.
[[0;32m  OK  [0m] Started Wait until snapd is fully seeded.
[[0;32m  OK  [0m] Started LSB: Set the CPU Frequency Scaling governor to "ondemand".
[[0;32m  OK  [0m] Started LSB: daemon to balance interrupts for SMP systems.
         Starting Apply the settings specified in cloud-config...
         Starting Hold until boot process finishes up...
         Starting Terminate Plymouth Boot Screen...
[[0;32m  OK  [0m] Started LSB: automatic crash report generation.
[[0;32m  OK  [0m] Started Hold until boot process finishes up.
[[0;32m  OK  [0m] Started Terminate Plymouth Boot Screen.
[[0;32m  OK  [0m] Started Getty on tty1.
         Starting Set console scheme...
[[0;32m  OK  [0m] Started Serial Getty on ttyS0.
[[0;32m  OK  [0m] Reached target Login Prompts.
[[0;32m  OK  [0m] Started Set console scheme.
[[0;32m  OK  [0m] Created slice User Slice of vagrant.
         Starting User Manager for UID 1000...
[[0;32m  OK  [0m] Started Session 1 of user vagrant.
[[0;32m  OK  [0m] Started User Manager for UID 1000.
[[0;32m  OK  [0m] Started LSB: Apache2 web server.
[[0;32m  OK  [0m] Started LSB: Start and stop the mysql database server daemon.
[[0;32m  OK  [0m] Reached target Multi-User System.
[[0;32m  OK  [0m] Reached target Graphical Interface.
         Starting Update UTMP about System Runlevel Changes...
[[0;32m  OK  [0m] Started Update UTMP about System Runlevel Changes.
[   20.067857] cloud-init[1305]: Cloud-init v. 18.3-9-g2e62cb8a-0ubuntu1~16.04.2 running 'modules:config' at Sun, 06 Jan 2019 21:02:10 +0000. Up 19.15 seconds.
[[0;32m  OK  [0m] Started Apply the settings specified in cloud-config.
         Starting Execute cloud user/final scripts...
[   22.335809] cloud-init[1765]: Cloud-init v. 18.3-9-g2e62cb8a-0ubuntu1~16.04.2 running 'modules:final' at Sun, 06 Jan 2019 21:02:13 +0000. Up 21.71 seconds.
[   22.336849] cloud-init[1765]: Cloud-init v. 18.3-9-g2e62cb8a-0ubuntu1~16.04.2 finished at Sun, 06 Jan 2019 21:02:13 +0000. Datasource DataSourceNoCloud [seed=/dev/sdb][dsmode=net].  Up 22.31 seconds

Ubuntu 16.04.5 LTS kouosl ttyS0

kouosl login:          Stopping Authenticate and Authorize Users to Run Privileged Tasks...
         Stopping ACPI event daemon...
[[0;32m  OK  [0m] Stopped target Cloud-init target.
[[0;32m  OK  [0m] Closed Load/Save RF Kill Switch Status /dev/rfkill Watch.
[[0;32m  OK  [0m] Stopped Execute cloud user/final scripts.
[[0;32m  OK  [0m] Stopped Apply the settings specified in cloud-config.
         Stopping Session 12 of user vagrant.
[[0;32m  OK  [0m] Stopped target Graphical Interface.
         Stopping Accounts Service...
[[0;32m  OK  [0m] Stopped target Multi-User System.
[[0;32m  OK  [0m] Stopped target Login P         Stopping User Manager for UID 1000...
[[0;32m  OK  [0m] Stopped target Timers.
[[0;32m  OK  [0m] Stopped Daily Cleanup of Temporary Directories.
[[0;32m  OK  [0m] Stopped Daily apt upgrade and clean activities.
[[0;32m  OK  [0m] Stopped Daily apt download activities.
[[0;32m  OK  [0m] Stopped target Cloud-config availability.
         Stopping LSB: Apache2 web server...
         Stopping Regular background program processing daemon...
[[0;32m  OK  [0m] Unmounted /var/lib/lxcfs.
[[0;32m  OK  [0m] Stopped Regular background program processing daemon.
[[0;32m  OK  [0m] Stopped Accounts Service.
[[0;32m  OK  [0m] Stopped Snappy daemon.
[[0;32m  OK  [0m] Stopped System Logging Service.
[[0;32m  OK  [0m] Stopped Deferred execution scheduler.
[[0;32m  OK  [0m] Stopped ACPI event daemon.
[[0;32m  OK  [0m] Stopped OpenBSD Secure Shell server.
[[0;32m  OK  [0m] Stopped Authenticate and Authorize Users to Run Privileged Tasks.
[[0;32m  OK  [0m] Stopped Getty on tty1.
[[0;32m  OK  [0m] Stopped Serial Getty on ttyS0.
[[0;32m  OK  [0m] Stopped User Manager for UID 1000.
[[0;32m  OK  [0m] Stopped D-Bus System Message Bus.
[[0;32m  OK  [0m] Stopped Session 12 of user vagrant.
[[0;32m  OK  [0m] Stopped FUSE filesystem for LXC.
[[0;32m  OK  [0m] Stopped Unattended Upgrades Shutdown.
[[0;32m  OK  [0m] Stopped LXD - container startup/shutdown.
[[0;32m  OK  [0m] Stopped LSB: Set the CPU Frequency Scaling governor to "ondemand".
[[0;32m  OK  [0m] Stopped LSB: MD monitoring daemon.
[[0;32m  OK  [0m] Stopped LSB: automatic crash report generation.
[[0;32m  OK  [0m] Stopped LSB: Record successful boot for GRUB.
[[0;32m  OK  [0m] Stopped Virtualbox guest utils.
[[0;32m  OK  [0m] Stopped LSB: daemon to balance interrupts for SMP systems.
[[0;32m  OK  [0m] Removed slice User Slice of vagrant.
         Stopping Login Service...
[[0;32m  OK  [0m] Removed slice system-serial\x2dgetty.slice.
[[0;32m  OK  [0m] Removed slice system-getty.slice.
[[0;32m  OK  [0m] Stopped /etc/rc.local Compatibility.
         Stopping Permit User Sessions...
[[0;32m  OK  [0m] Stopped Login Service.
[[0;32m  OK  [0m] Stopped Permit User Sessions.
[[0;32m  OK  [0m] Stopped target User and Group Name Lookups.
[[0;32m  OK  [0m] Stopped LSB: Apache2 web server.
[[0;32m  OK  [0m] Stopped LSB: Start and stop the mysql database server daemon.
[[0;32m  OK  [0m] Stopped target Remote File Systems.
[[0;32m  OK  [0m] Stopped target Remote File Systems (Pre).
         Stopping Login to default iSCSI targets...
[[0;32m  OK  [0m] Stopped target Basic System.
[[0;32m  OK  [0m] Stopped target Slices.
[[0;32m  OK  [0m] Removed slice User and Session Slice.
[[0;32m  OK  [0m] Stopped target Sockets.
[[0;32m  OK  [0m] Closed Syslog Socket.
[[0;32m  OK  [0m] Closed LXD - unix socket.
[[0;32m  OK  [0m] Closed ACPID Listen Socket.
[[0;32m  OK  [0m] Closed D-Bus System Message Bus Socket.
[[0;32m  OK  [0m] Closed UUID daemon activation socket.
[[0;32m  OK  [0m] Closed Socket activation for snappy daemon.
[[0;32m  OK  [0m] Stopped target Paths.
[[0;32m  OK  [0m] Stopped Dispatch Password Requests to Console Directory Watch.
[[0;32m  OK  [0m] Stopped Forward Password Requests to Wall Directory Watch.
[[0;32m  OK  [0m] Stopped ACPI Events Check.
[[0;32m  OK  [0m] Stopped target System Initialization.
[[0;32m  OK  [0m] Stopped target Encrypted Volumes.
         Stopping Update UTMP about System Boot/Shutdown...
[[0;32m  OK  [0m] Stopped target Swap.
         Stopping Load/Save Random Seed...
[[0;32m  OK  [0m] Stopped target System Time Synchronized.
[[0;32m  OK  [0m] Stopped Load/Save Random Seed.
[[0;32m  OK  [0m] Stopped Login to default iSCSI targets.
[[0;32m  OK  [0m] Stopped Update UTMP about System Boot/Shutdown.
[[0;32m  OK  [0m] Stopped Create Volatile Files and Directories.
         Stopping iSCSI initiator daemon (iscsid)...
[[0;32m  OK  [0m] Stopped iSCSI initiator daemon (iscsid).
[[0;32m  OK  [0m] Stopped target Network is Online.
[[0;32m  OK  [0m] Stopped target Network.
[[0;32m  OK  [0m] Stopped Initial cloud-init job (metadata service crawler).
         Stopping Raise network interfaces...
[[0;32m  OK  [0m] Stopped Raise network interfaces.
[[0;32m  OK  [0m] Stopped target Local File Systems.
         Unmounting /run/user/1000...
         Unmounting /var/www/portal...
[[0;32m  OK  [0m] Stopped target Network (Pre).
[[0;32m  OK  [0m] Stopped Initial cloud-init job (pre-networking).
[[0;32m  OK  [0m] Stopped Apply Kernel Variables.
[[0;32m  OK  [0m] Stopped Load Kernel Modules.
[[0;32m  OK  [0m] Unmounted /run/user/1000.
[[0;32m  OK  [0m] Unmounted /var/www/portal.
[[0;32m  OK  [0m] Reached target Unmount All Filesystems.
[[0;32m  OK  [0m] Stopped target Local File Systems (Pre).
[[0;32m  OK  [0m] Stopped Create Static Device Nodes in /dev.
         Stopping Monitoring of LVM2 mirrors... dmeventd or progress polling...
[[0;32m  OK  [0m] Stopped Remount Root and Kernel File Systems.
[[0;32m  OK  [0m] Reached target Shutdown.
[ 8435.068757] reboot: Power down
